[00:01:07.830] [playbook_collect] run_start playbook=trace-anchor-v1 through_phase=3 profile=foneshare output_dir=/Users/muqingji/code/study/pytest_for_bi/code-repo-analysis/调用链路/统计图/evidence/01-create-report channel=trace_id at=2026-09-22 22:42:28 tasks=12
[00:01:07.830] [playbook_collect] m0_skip_at_prompt: time already known from --at/--capture-date/ULID
[00:01:07.835] [fxops] DEBUG exec fx-ops idp --profile foneshare query biz-app-log --sql <SQL> -j --timeout 90000
SQL: SELECT stamp AS stamp, _time_second_, traceId AS traceId, reqId, status, error, uri, bizName, ea AS ea, ei AS ei, companyName, uid, request_time, server_ip FROM log_cep_dist WHERE traceId = 'FSW-fktest7572.1001-01M34S2XS17HVDAGGVWK5ZY52M' AND stamp >= '2026-09-22 22:32:28' AND stamp <= '2026-09-22 22:52:28' ORDER BY stamp DESC LIMIT 20 timeout_sec=180
[00:01:08.326] [fxops:trace] fx-ops ok rows=20
[00:01:08.326] [fxops:trace] DEBUG payload_head={'code': 0, 'data': {'columns': ['stamp', '_time_second_', 'traceId', 'reqId', 'status', 'error', 'uri', 'bizName', 'ea', 'ei', 'companyName', 'uid', 'request_time', 'server_ip'], 'items': [['2026-09-22 22:52:09.949', '2026-09-22 22:52:09', 'FSW-fktest7572.1001-01M34S2XS17HVDAGGVWK5ZY52M', ['92caceb8b9f733ac', '1-92cace'], 200, '', '/FHH/EM1HBICRM/rptCategoryController/getCategoryAndRpt', 'BICRM', 'fktest7572', '816324', '内测企业fktest7572', 'fktest7572.1001', 228, 'fs-bi-crm-report-web.foneshare-gray.lb-aurgynnp.tke70-k8s1.foneshare.cn:15466'], ['2026-09-22 22:52:09.947', '2026-09-22 22:52:09', 
[00:01:08.327] [fxops:trace] DEBUG first_row={'stamp': '2026-09-22 22:52:09.949', '_time_second_': '2026-09-22 22:52:09', 'traceId': 'FSW-fktest7572.1001-01M34S2XS17HVDAGGVWK5ZY52M', 'reqId': ['92caceb8b9f733ac', '1-92cace'], 'status': 200, 'error': '', 'uri': '/FHH/EM1HBICRM/rptCategoryController/getCategoryAndRpt', 'bizName': 'BICRM', 'ea': 'fktest7572', 'ei': '816324', 'companyName': '内测企业fktest7572', 'uid': 'fktest7572.1001', 'request_time': 228, 'server_ip': 'fs-bi-crm-report-web.foneshare-gray.lb-aurgynnp.tke70-k8s1.foneshare.cn:15466'}
[00:01:08.327] [cep_sql] trace=FSW-fktest7572.1001-01M34S2XS17HVDAGGVWK5ZY52M window=2026-09-22 22:32:28..2026-09-22 22:52:28 rows=20 ok=True
[00:01:08.327] [trace_direct] exact ±10m probe ok=True rows=20
[00:01:08.328] [fxops] DEBUG exec fx-ops idp --profile foneshare query biz-app-log --sql <SQL> -j --timeout 90000
SQL: SELECT _time_second_ AS stamp, traceId AS traceId, tenantId AS tenantId, ea AS ea, reqUrl, cost, status, errorCode, serverIp, bizName, reqSize, size, param, body FROM fs_cep_slow_error_dist WHERE traceId = 'FSW-fktest7572.1001-01M34S2XS17HVDAGGVWK5ZY52M' AND _time_second_ >= '2026-09-22 22:42:09' AND _time_second_ <= '2026-09-22 23:02:09' LIMIT 5 timeout_sec=180
[00:01:08.851] [fxops:cep_sql] fx-ops ok rows=0
[00:01:08.851] [fxops:cep_sql] DEBUG payload_head={'code': 0, 'data': {'columns': ['stamp', 'traceId', 'tenantId', 'ea', 'reqUrl', 'cost', 'status', 'errorCode', 'serverIp', 'bizName', 'reqSize', 'size', 'param', 'body'], 'items': [], 'returnedCount': 0}}
[00:01:08.867] [playbook_collect] evidence_index_updated phase=Phase0 index=index.md
[00:01:08.875] [fxops] DEBUG exec fx-ops idp --profile foneshare query biz-app-log --sql <SQL> -j --timeout 90000
SQL: SELECT _time_second_, traceId, app, level, loggerName, msg, error, ei, ea FROM log_error_dist WHERE traceId = 'FSW-fktest7572.1001-01M34S2XS17HVDAGGVWK5ZY52M' AND _time_second_ >= '2026-09-22 22:42:09' AND _time_second_ <= '2026-09-22 23:02:09' ORDER BY _time_second_ DESC LIMIT 20 timeout_sec=180
[00:01:08.882] [fxops] DEBUG exec fx-ops idp --profile foneshare query biz-app-log --sql <SQL> -j --timeout 90000
SQL: SELECT stamp AS stamp, _time_second_, traceId AS traceId, reqId, status, error, uri, bizName, ea AS ea, ei AS ei, companyName, uid, request_time, server_ip FROM log_cep_dist WHERE traceId = 'FSW-fktest7572.1001-01M34S2XS17HVDAGGVWK5ZY52M' AND stamp >= '2026-09-22 22:42:09' AND stamp <= '2026-09-22 23:02:09' ORDER BY stamp DESC LIMIT 20 timeout_sec=180
[00:01:09.275] [fxops:log_error] fx-ops ok rows=0
[00:01:09.276] [fxops:log_error] DEBUG payload_head={'code': 0, 'data': {'columns': ['_time_second_', 'traceId', 'app', 'level', 'loggerName', 'msg', 'error', 'ei', 'ea'], 'items': [], 'returnedCount': 0}}
[00:01:09.343] [fxops:trace] fx-ops ok rows=20
[00:01:09.343] [fxops:trace] DEBUG payload_head={'code': 0, 'data': {'columns': ['stamp', '_time_second_', 'traceId', 'reqId', 'status', 'error', 'uri', 'bizName', 'ea', 'ei', 'companyName', 'uid', 'request_time', 'server_ip'], 'items': [['2026-09-22 22:53:28.063', '2026-09-22 22:53:28', 'FSW-fktest7572.1001-01M34S2XS17HVDAGGVWK5ZY52M', ['f1c4577e2ebe48d3', '1-f1c457'], 200, '', '/FHH/EM1HBICRM/rptCategoryController/getCategoryAndRpt', 'BICRM', 'fktest7572', '816324', '内测企业fktest7572', 'fktest7572.1001', 223, 'fs-bi-crm-report-web.foneshare-gray.lb-aurgynnp.tke70-k8s1.foneshare.cn:15466'], ['2026-09-22 22:53:04.915', '2026-09-22 22:53:04', 
[00:01:09.344] [fxops:trace] DEBUG first_row={'stamp': '2026-09-22 22:53:28.063', '_time_second_': '2026-09-22 22:53:28', 'traceId': 'FSW-fktest7572.1001-01M34S2XS17HVDAGGVWK5ZY52M', 'reqId': ['f1c4577e2ebe48d3', '1-f1c457'], 'status': 200, 'error': '', 'uri': '/FHH/EM1HBICRM/rptCategoryController/getCategoryAndRpt', 'bizName': 'BICRM', 'ea': 'fktest7572', 'ei': '816324', 'companyName': '内测企业fktest7572', 'uid': 'fktest7572.1001', 'request_time': 223, 'server_ip': 'fs-bi-crm-report-web.foneshare-gray.lb-aurgynnp.tke70-k8s1.foneshare.cn:15466'}
[00:01:09.344] [cep_sql] trace=FSW-fktest7572.1001-01M34S2XS17HVDAGGVWK5ZY52M window=2026-09-22 22:42:09..2026-09-22 23:02:09 rows=20 ok=true
[00:01:09.356] [lookup_context] tenant get profile=foneshare tenant_account='fktest7572' tenant_id='816324'
[00:01:09.357] [fxops] DEBUG exec fx-ops idp --profile foneshare tenant get -j --tenant-id 816324 timeout_sec=180
[00:01:09.368] [fxops] DEBUG exec fx-ops idp --profile foneshare query biz-app-log --sql <SQL> -j --timeout 90000
SQL: SELECT _time_second_, traceId, app, cost, dbName, substring(query, 1, 2000) AS query, ei, ea, type FROM slow_log_dist WHERE traceId = 'FSW-fktest7572.1001-01M34S2XS17HVDAGGVWK5ZY52M' AND _time_second_ >= '2026-09-22 22:42:09' AND _time_second_ <= '2026-09-22 23:02:09' ORDER BY cost DESC LIMIT 20 timeout_sec=180
[00:01:09.380] [fxops] DEBUG exec fx-ops idp --profile foneshare query biz-app-log --sql <SQL> -j --timeout 90000
SQL: SELECT stamp, tenantId, appName, collection, category, cost, docsExamined, nreturned FROM mongo_slow_dist WHERE tenantId = '816324' AND appName = 'fs-bi-crm-report-web' AND stamp >= '2026-09-22 22:42:09' AND stamp <= '2026-09-22 23:02:09' ORDER BY cost DESC LIMIT 20 timeout_sec=180
[00:01:09.394] [fxops] DEBUG exec fx-ops idp --profile foneshare query biz-app-log --sql <SQL> -j --timeout 90000
SQL: SELECT _time_second_, trace_id, app, pod, pod_ip, uri, code, time_cost, method, ei, ea FROM tomcat_access_slow_dist WHERE trace_id = 'FSW-fktest7572.1001-01M34S2XS17HVDAGGVWK5ZY52M' AND _time_second_ >= '2026-09-22 22:42:09' AND _time_second_ <= '2026-09-22 23:02:09' ORDER BY time_cost DESC LIMIT 20 timeout_sec=180
[00:01:09.865] [fxops:tenant] fx-ops ok rows=0
[00:01:09.866] [fxops:tenant] DEBUG payload_head={'code': 0, 'data': {'tenantId': 816324, 'tenantAccount': 'fktest7572', 'tenantName': '内测企业fktest7572', 'env': 'test', 'vpcName': None, 'createTime': '2025-04-18T04:17:42.233Z', 'status': 'normal', 'domain': 'https://www.fxiaoke.com', 'customerPro': '小微', 'crmVersion': 'enterprise_edition', 'crmQuotaNum': 0, 'crmOpenNum': 0, 'keyContactName': '周绪倩', 'csmOwner': 'NULL', 'businessArea': 'NULL', 'strategicIndustry': '其他（示例）', 'classification': 'NULL'}}
[00:01:09.883] [lookup_context] duty_user duty_date=2026-09-22 profile=foneshare
[00:01:09.883] [fxops] DEBUG exec fx-ops idp --profile foneshare query oncall --sql <SQL> -j --timeout 90000
SQL: SELECT duty_date, duty_id, employee_id, nick_name, post FROM duty_user WHERE deleted = 0 AND duty_date = '2026-09-22' ORDER BY duty_id, id LIMIT 100 timeout_sec=60
[00:01:09.940] [fxops:mongo_slow] fx-ops ok rows=0
[00:01:09.941] [fxops:mongo_slow] DEBUG payload_head={'code': 0, 'data': {'columns': ['stamp', 'tenantId', 'appName', 'collection', 'category', 'cost', 'docsExamined', 'nreturned'], 'items': [], 'returnedCount': 0}}
[00:01:10.113] [fxops:slow_log] fx-ops ok rows=0
[00:01:10.113] [fxops:slow_log] DEBUG payload_head={'code': 0, 'data': {'columns': ['_time_second_', 'traceId', 'app', 'cost', 'dbName', 'query', 'ei', 'ea', 'type'], 'items': [], 'returnedCount': 0}}
[00:01:10.288] [fxops:duty] fx-ops ok rows=2
[00:01:10.289] [fxops:duty] DEBUG payload_head={'code': 0, 'data': {'columns': ['duty_date', 'duty_id', 'employee_id', 'nick_name', 'post'], 'items': [['2026-09-21T16:00:00.000Z', 1, 5148, '黎贵昂', '高级运维工程师'], ['2026-09-21T16:00:00.000Z', 2, 7961, '包欣雪', '高级运维工程师']], 'returnedCount': 2}, 'meta': {'hints': ['fx-ops idp show tables <datasource>']}}
[00:01:10.289] [fxops:duty] DEBUG first_row={'duty_date': '2026-09-21T16:00:00.000Z', 'duty_id': 1, 'employee_id': 5148, 'nick_name': '黎贵昂', 'post': '高级运维工程师'}
[00:01:10.455] [fxops:tomcat_slow] fx-ops ok rows=0
[00:01:10.455] [fxops:tomcat_slow] DEBUG payload_head={'code': 0, 'data': {'columns': ['_time_second_', 'trace_id', 'app', 'pod', 'pod_ip', 'uri', 'code', 'time_cost', 'method', 'ei', 'ea', 'time_for_ckibana', 'traceId'], 'items': [], 'returnedCount': 0}}
[00:01:10.462] [playbook_collect] evidence_index_updated phase=Phase0-1 index=index.md
[00:01:10.466] [fxops] DEBUG exec fx-ops idp --profile foneshare query biz-app-log --sql <SQL> -j --timeout 90000
SQL: SELECT stamp AS stamp, _time_second_, traceId AS traceId, reqId, status, error, uri, bizName, ea AS ea, ei AS ei, companyName, uid, request_time, server_ip FROM log_cep_dist WHERE traceId = 'FSW-fktest7572.1001-01M34S2XS17HVDAGGVWK5ZY52M' AND stamp >= '2026-09-22 22:42:09' AND stamp <= '2026-09-22 23:02:09' ORDER BY stamp DESC LIMIT 20 timeout_sec=180
[00:01:10.873] [fxops:trace] fx-ops ok rows=20
[00:01:10.874] [fxops:trace] DEBUG payload_head={'code': 0, 'data': {'columns': ['stamp', '_time_second_', 'traceId', 'reqId', 'status', 'error', 'uri', 'bizName', 'ea', 'ei', 'companyName', 'uid', 'request_time', 'server_ip'], 'items': [['2026-09-22 22:53:28.063', '2026-09-22 22:53:28', 'FSW-fktest7572.1001-01M34S2XS17HVDAGGVWK5ZY52M', ['f1c4577e2ebe48d3', '1-f1c457'], 200, '', '/FHH/EM1HBICRM/rptCategoryController/getCategoryAndRpt', 'BICRM', 'fktest7572', '816324', '内测企业fktest7572', 'fktest7572.1001', 223, 'fs-bi-crm-report-web.foneshare-gray.lb-aurgynnp.tke70-k8s1.foneshare.cn:15466'], ['2026-09-22 22:53:04.915', '2026-09-22 22:53:04', 
[00:01:10.874] [fxops:trace] DEBUG first_row={'stamp': '2026-09-22 22:53:28.063', '_time_second_': '2026-09-22 22:53:28', 'traceId': 'FSW-fktest7572.1001-01M34S2XS17HVDAGGVWK5ZY52M', 'reqId': ['f1c4577e2ebe48d3', '1-f1c457'], 'status': 200, 'error': '', 'uri': '/FHH/EM1HBICRM/rptCategoryController/getCategoryAndRpt', 'bizName': 'BICRM', 'ea': 'fktest7572', 'ei': '816324', 'companyName': '内测企业fktest7572', 'uid': 'fktest7572.1001', 'request_time': 223, 'server_ip': 'fs-bi-crm-report-web.foneshare-gray.lb-aurgynnp.tke70-k8s1.foneshare.cn:15466'}
[00:01:10.874] [cep_sql] trace=FSW-fktest7572.1001-01M34S2XS17HVDAGGVWK5ZY52M window=2026-09-22 22:42:09..2026-09-22 23:02:09 rows=20 ok=true
[00:01:10.876] [fxops] DEBUG exec fx-ops idp --profile foneshare query biz-app-log --sql <SQL> -j --timeout 90000
SQL: SELECT uri, count() AS total_cnt, uniq(ei) AS tenant_cnt, uniq(ea) AS ea_cnt, countIf(status >= '500') AS err_cnt, min(stamp) AS first_stamp, max(stamp) AS last_stamp FROM log_cep_dist WHERE uri = '/FHH/EM1HBICRM/rptCategoryController/getCategoryAndRpt' AND stamp >= '2026-09-22 22:22:09' AND stamp <= '2026-09-22 23:22:09' GROUP BY uri timeout_sec=180
[00:01:11.512] [fxops:uri_impact] fx-ops ok rows=1
[00:01:11.512] [fxops:uri_impact] DEBUG payload_head={'code': 0, 'data': {'columns': ['uri', 'total_cnt', 'tenant_cnt', 'ea_cnt', 'err_cnt', 'first_stamp', 'last_stamp'], 'items': [['/FHH/EM1HBICRM/rptCategoryController/getCategoryAndRpt', '279', '63', '63', '0', '2026-09-22 22:22:35.515', '2026-09-22 23:21:30.239']], 'returnedCount': 1, 'meta': {'resultLimitMode': 'complete_grouped'}}, 'meta': {'hints': ['fx-ops idp show tables <datasource>']}}
[00:01:11.513] [fxops:uri_impact] DEBUG first_row={'uri': '/FHH/EM1HBICRM/rptCategoryController/getCategoryAndRpt', 'total_cnt': '279', 'tenant_cnt': '63', 'ea_cnt': '63', 'err_cnt': '0', 'first_stamp': '2026-09-22 22:22:35.515', 'last_stamp': '2026-09-22 23:21:30.239'}
[00:01:11.513] [cep_sql] uri_impact uri=/FHH/EM1HBICRM/rptCategoryController/getCategory window=2026-09-22 22:22:09..2026-09-22 23:22:09 rows=1
[00:01:11.860] [playbook_collect] evidence_index_updated phase=Phase0-2 index=index.md
[00:01:11.863] [fxops] DEBUG exec fx-ops idp --profile foneshare query biz-app-log --sql <SQL> -j --timeout 90000
SQL: SELECT _time_second_, app, pod, logger, level, msg FROM app_log_dist WHERE _time_second_ >= '2026-09-22 22:42:09' AND _time_second_ <= '2026-09-22 23:02:09' AND app IN ('fs-bi-crm-report-web') AND positionCaseInsensitive(msg, 'StopWatch') > 0 AND traceId = 'FSW-fktest7572.1001-01M34S2XS17HVDAGGVWK5ZY52M' ORDER BY _time_second_ DESC LIMIT 50 timeout_sec=180
[00:01:12.253] [fxops:phase23_app_log_stopwatch] fx-ops ok rows=0
[00:01:12.253] [fxops:phase23_app_log_stopwatch] DEBUG payload_head={'code': 0, 'data': {'columns': ['_time_second_', 'app', 'pod', 'logger', 'level', 'msg'], 'items': [], 'returnedCount': 0}}
[00:01:12.254] [fxops] DEBUG exec fx-ops idp --profile foneshare query biz-app-log --sql <SQL> -j --timeout 90000
SQL: SELECT _time_second_, app, pod, logger, level, msg FROM app_log_dist WHERE _time_second_ >= '2026-09-22 22:42:09' AND _time_second_ <= '2026-09-22 23:02:09' AND app IN ('fs-bi-crm-report-web') AND (positionCaseInsensitive(msg, 'PerformanceController') > 0 OR positionCaseInsensitive(msg, 'timeout') > 0 OR positionCaseInsensitive(msg, 'Exception') > 0 OR positionCaseInsensitive(msg, 'Entrance') >... timeout_sec=180
[00:01:12.896] [fxops:phase23_app_log_stopwatch] fx-ops ok rows=0
[00:01:12.896] [fxops:phase23_app_log_stopwatch] DEBUG payload_head={'code': 0, 'data': {'columns': ['_time_second_', 'app', 'pod', 'logger', 'level', 'msg'], 'items': [], 'returnedCount': 0}}
[00:01:12.897] [fxops] DEBUG exec fx-ops idp --profile foneshare query biz-app-log --sql <SQL> -j --timeout 90000
SQL: SELECT _time_second_, app, pod, logger, level, msg FROM app_log_dist WHERE _time_second_ >= '2026-09-22 22:42:09' AND _time_second_ <= '2026-09-22 23:02:09' AND (positionCaseInsensitive(msg, 'PerformanceController') > 0 OR positionCaseInsensitive(msg, 'timeout') > 0 OR positionCaseInsensitive(msg, 'Exception') > 0 OR positionCaseInsensitive(msg, 'Entrance') > 0 OR positionCaseInsensitive(msg, '... timeout_sec=180
[00:01:13.795] [fxops:phase23_app_log_stopwatch] fx-ops ok rows=45
[00:01:13.796] [fxops:phase23_app_log_stopwatch] DEBUG payload_head={'code': 0, 'data': {'columns': ['_time_second_', 'app', 'pod', 'logger', 'level', 'msg'], 'items': [['2026-09-22 22:51:56.057', 'fs-bi-stat', 'fs-bi-stat-5d5759bd6c-z2cp8', 'c.f.b.s.c.i.o.I18NTransformationUtilOpt', 'WARN', "transformAggRuleBos Error, aggRuleBos:[AggRuleArg{ruleId='BI_690b6f3f486eb100012b3cd5', schemaId='null', schemaEnName='null', displayName='m-筛选-销售订单-原币', fieldId='BI_690b6f3f9b04f40001534492', checkObjectApiName='biz_sales_order', checkObjectApiDisplayName='销售订单', checkOjbectApiLookupFieldId='null', checkObjectApiNameSlave='', checkObjectApiDisplayNameSlave='', checkObjec
[00:01:13.796] [fxops:phase23_app_log_stopwatch] DEBUG first_row={'_time_second_': '2026-09-22 22:51:56.057', 'app': 'fs-bi-stat', 'pod': 'fs-bi-stat-5d5759bd6c-z2cp8', 'logger': 'c.f.b.s.c.i.o.I18NTransformationUtilOpt', 'level': 'WARN', 'msg': "transformAggRuleBos Error, aggRuleBos:[AggRuleArg{ruleId='BI_690b6f3f486eb100012b3cd5', schemaId='null', schemaEnName='null', displayName='m-筛选-销售订单-原币', fieldId='BI_690b6f3f9b04f40001534492', checkObjectApiName='biz_sales_order', checkObjectApiDisplayName='销售订单', checkOjbectApiLookupFieldId='null', checkObjectApiNameSlave='', checkObjectApiDisplayNameSlave='', checkObjectApiNameSlaveLookupFieldId='null', checkApiNameLookupDescribe='null', checkApiNameLookupField='null', checkFieldApiName='order_amount', checkFieldApiDisplayName='销售订单金额', checkFieldApiObjName='null', quotaName='null', description='', countTimeApiNameField='create_time', countTimeApiDisplayNameField='创建时间', countTimeApiObjName='null', countTimeLookupFieldName='', countTimeLookupFieldDisplayName='', countTimeLookupFieldObjName='null', countTimeApiNameDescribe='null', countTimeApiNameType='BIGINT', checkCountTimeLookupFieldLocation='null', checkFieldAggregateType=2, filterLists=[FilterList{filters=[Filter{displayNumber=0, fieldId='BI_a222c307fa963c2d2ed18f51e17c3aad', isLock=0, operator=13, value1='0', dbFieldName='order_amount', dbObjName='biz_sales_order', fieldName='销售订单金额', operatorLabel='大于等于', dateRangeID='null', fieldType='Number', value2='null', enumName='null', enumOptionList=null, enumCodeList=null, enumValueList=null, subFieldType='null', parentID='null', enumItemList=null, selectedItemList=null, refObjName='null', allSelectableCirAndEmp=null, cascadeFieldID='null', ui=null, is_pre=2, objName='null', type='UI_Input', parentFieldId='null', parentDbFieldName='null', parentDbObjName='null', parentFieldName='null', fieldLocation='null', fieldID='BI_a222c307fa963c2d2ed18f51e17c3aad', isOffLine=false, offLineMsg='null', showParentInfo=0, objectDescribeApiName='null'}]}], status=1, creator='mqj', createTimeStr='11/05/2025, 23:37:35', lastModifier='mqj', lastModifiedTimeStr='11/05/2025, 23:37:35', unableReason='null', fieldName='m-筛选-销售订单-原币', keyWord='null', schemaCnName='null', aggDimType='base_agg', pageNumber=0, pageSize=0, mdFieldName='null', sortField='null', sortType=0, countTimeFieldId='BI_c0beed207c29ef79b62e9a638a733cce', fiscalYears=null, startMonth=null, subgoalFieldName='null', checkObjectKey='BI_8ec6aa155a72eef1bf6cd7f3d75f8019', checkObjectKeySlave='null', isPre=0, countTimeLookupFieldId='null', refJoinField='null', refObjName='null'}] java.lang.NumberFormatException: Cannot parse null string\n\tat java.base/java.lang.Integer.parseInt(Integer.java:624)\n\t-\n\tat com.facishare.bi.stat.common.i18n.opt.I18NTransformationUtilOpt.transformAggRuleArgs(I18NTransformationUtilOpt.java:813)\n\tat com.facishare.bi.stat.common.i18n.opt.I18NTranslationImpl.doTranslation(I18NTranslationImpl.java:449)\n\tat com.facishare.bi.i18n.plugin.I18NTranslationAspect.aroundAdvice(I18NTranslationAspect.java:60)\n\t-------\n\tat com.facishare.bi.stat.aop.ControllerExceptionAspect.handleControllerMethod(ControllerExceptionAspect.java:33)\n\t---------\n\tat com.facishare.bi.stat.controller.StatSchemaController$$EnhancerBySpringCGLIB$$cab90efb.queryFieldDetail(<generated>)\n\t--------------------\n\tat com.fxiaoke.k8s.helper.filter.HttpKeepaliveFilter.doFilter(HttpKeepaliveFilter.java:44)\n\t--\n\tat com.facishare.bi.plugin.filter.Filter1_ExperienceAccount.doFilter(Filter1_ExperienceAccount.java:101)\n\t---------------------------------\n"}
[00:01:13.808] [playbook_collect] evidence_index_updated phase=Phase0-3 index=index.md
[00:01:13.828] [playbook_collect] run_summary ok=True anchor_status=resolved tasks_ok=12 tasks_total=12 manifest=CTX-collect-manifest.json
[00:01:14.003] [playbook_collect] evidence_index_updated phase=Phase0-3 index=index.md
