[00:01:07.831] [playbook_collect] run_start playbook=trace-anchor-v1 through_phase=3 profile=foneshare output_dir=/Users/muqingji/code/study/pytest_for_bi/code-repo-analysis/调用链路/统计图/evidence/02-theme-metric-dimension channel=trace_id at=2026-09-22 22:53:40 tasks=12
[00:01:07.831] [playbook_collect] m0_skip_at_prompt: time already known from --at/--capture-date/ULID
[00:01:07.835] [fxops] DEBUG exec fx-ops idp --profile foneshare query biz-app-log --sql <SQL> -j --timeout 90000
SQL: SELECT stamp AS stamp, _time_second_, traceId AS traceId, reqId, status, error, uri, bizName, ea AS ea, ei AS ei, companyName, uid, request_time, server_ip FROM log_cep_dist WHERE traceId = 'FSW-fktest7572.1001-01M34SQD9CDNEV2RV9AHKRF87J' AND stamp >= '2026-09-22 22:43:40' AND stamp <= '2026-09-22 23:03:40' ORDER BY stamp DESC LIMIT 20 timeout_sec=180
[00:01:08.389] [fxops:trace] fx-ops ok rows=16
[00:01:08.389] [fxops:trace] DEBUG payload_head={'code': 0, 'data': {'columns': ['stamp', '_time_second_', 'traceId', 'reqId', 'status', 'error', 'uri', 'bizName', 'ea', 'ei', 'companyName', 'uid', 'request_time', 'server_ip'], 'items': [['2026-09-22 22:55:25.731', '2026-09-22 22:55:25', 'FSW-fktest7572.1001-01M34SQD9CDNEV2RV9AHKRF87J', ['2e4105527cbfbf51', '1-2e4105'], 200, '', '/FHH/EM1HBISTAT/fs-bi-stat/describes/detail', 'BISTAT', 'fktest7572', '816324', '内测企业fktest7572', 'fktest7572.1001', 3537, 'fs-bi-stat.foneshare-gray.lb-aurgynnp.tke70-k8s1.foneshare.cn:13484'], ['2026-09-22 22:55:25.545', '2026-09-22 22:55:25', 'FSW-fktest7572.100
[00:01:08.390] [fxops:trace] DEBUG first_row={'stamp': '2026-09-22 22:55:25.731', '_time_second_': '2026-09-22 22:55:25', 'traceId': 'FSW-fktest7572.1001-01M34SQD9CDNEV2RV9AHKRF87J', 'reqId': ['2e4105527cbfbf51', '1-2e4105'], 'status': 200, 'error': '', 'uri': '/FHH/EM1HBISTAT/fs-bi-stat/describes/detail', 'bizName': 'BISTAT', 'ea': 'fktest7572', 'ei': '816324', 'companyName': '内测企业fktest7572', 'uid': 'fktest7572.1001', 'request_time': 3537, 'server_ip': 'fs-bi-stat.foneshare-gray.lb-aurgynnp.tke70-k8s1.foneshare.cn:13484'}
[00:01:08.390] [cep_sql] trace=FSW-fktest7572.1001-01M34SQD9CDNEV2RV9AHKRF87J window=2026-09-22 22:43:40..2026-09-22 23:03:40 rows=16 ok=True
[00:01:08.390] [trace_direct] exact ±10m probe ok=True rows=16
[00:01:08.391] [fxops] DEBUG exec fx-ops idp --profile foneshare query biz-app-log --sql <SQL> -j --timeout 90000
SQL: SELECT _time_second_ AS stamp, traceId AS traceId, tenantId AS tenantId, ea AS ea, reqUrl, cost, status, errorCode, serverIp, bizName, reqSize, size, param, body FROM fs_cep_slow_error_dist WHERE traceId = 'FSW-fktest7572.1001-01M34SQD9CDNEV2RV9AHKRF87J' AND _time_second_ >= '2026-09-22 22:45:25' AND _time_second_ <= '2026-09-22 23:05:25' LIMIT 5 timeout_sec=180
[00:01:08.789] [fxops:cep_sql] fx-ops ok rows=0
[00:01:08.789] [fxops:cep_sql] DEBUG payload_head={'code': 0, 'data': {'columns': ['stamp', 'traceId', 'tenantId', 'ea', 'reqUrl', 'cost', 'status', 'errorCode', 'serverIp', 'bizName', 'reqSize', 'size', 'param', 'body'], 'items': [], 'returnedCount': 0}}
[00:01:08.802] [playbook_collect] evidence_index_updated phase=Phase0 index=index.md
[00:01:08.807] [fxops] DEBUG exec fx-ops idp --profile foneshare query biz-app-log --sql <SQL> -j --timeout 90000
SQL: SELECT _time_second_, traceId, app, level, loggerName, msg, error, ei, ea FROM log_error_dist WHERE traceId = 'FSW-fktest7572.1001-01M34SQD9CDNEV2RV9AHKRF87J' AND _time_second_ >= '2026-09-22 22:45:25' AND _time_second_ <= '2026-09-22 23:05:25' ORDER BY _time_second_ DESC LIMIT 20 timeout_sec=180
[00:01:08.809] [fxops] DEBUG exec fx-ops idp --profile foneshare query biz-app-log --sql <SQL> -j --timeout 90000
SQL: SELECT stamp AS stamp, _time_second_, traceId AS traceId, reqId, status, error, uri, bizName, ea AS ea, ei AS ei, companyName, uid, request_time, server_ip FROM log_cep_dist WHERE traceId = 'FSW-fktest7572.1001-01M34SQD9CDNEV2RV9AHKRF87J' AND stamp >= '2026-09-22 22:45:25' AND stamp <= '2026-09-22 23:05:25' ORDER BY stamp DESC LIMIT 20 timeout_sec=180
[00:01:09.208] [fxops:log_error] fx-ops ok rows=0
[00:01:09.209] [fxops:log_error] DEBUG payload_head={'code': 0, 'data': {'columns': ['_time_second_', 'traceId', 'app', 'level', 'loggerName', 'msg', 'error', 'ei', 'ea'], 'items': [], 'returnedCount': 0}}
[00:01:09.261] [fxops:trace] fx-ops ok rows=16
[00:01:09.261] [fxops:trace] DEBUG payload_head={'code': 0, 'data': {'columns': ['stamp', '_time_second_', 'traceId', 'reqId', 'status', 'error', 'uri', 'bizName', 'ea', 'ei', 'companyName', 'uid', 'request_time', 'server_ip'], 'items': [['2026-09-22 22:55:25.731', '2026-09-22 22:55:25', 'FSW-fktest7572.1001-01M34SQD9CDNEV2RV9AHKRF87J', ['2e4105527cbfbf51', '1-2e4105'], 200, '', '/FHH/EM1HBISTAT/fs-bi-stat/describes/detail', 'BISTAT', 'fktest7572', '816324', '内测企业fktest7572', 'fktest7572.1001', 3537, 'fs-bi-stat.foneshare-gray.lb-aurgynnp.tke70-k8s1.foneshare.cn:13484'], ['2026-09-22 22:55:25.545', '2026-09-22 22:55:25', 'FSW-fktest7572.100
[00:01:09.261] [fxops:trace] DEBUG first_row={'stamp': '2026-09-22 22:55:25.731', '_time_second_': '2026-09-22 22:55:25', 'traceId': 'FSW-fktest7572.1001-01M34SQD9CDNEV2RV9AHKRF87J', 'reqId': ['2e4105527cbfbf51', '1-2e4105'], 'status': 200, 'error': '', 'uri': '/FHH/EM1HBISTAT/fs-bi-stat/describes/detail', 'bizName': 'BISTAT', 'ea': 'fktest7572', 'ei': '816324', 'companyName': '内测企业fktest7572', 'uid': 'fktest7572.1001', 'request_time': 3537, 'server_ip': 'fs-bi-stat.foneshare-gray.lb-aurgynnp.tke70-k8s1.foneshare.cn:13484'}
[00:01:09.261] [cep_sql] trace=FSW-fktest7572.1001-01M34SQD9CDNEV2RV9AHKRF87J window=2026-09-22 22:45:25..2026-09-22 23:05:25 rows=16 ok=true
[00:01:09.271] [lookup_context] tenant get profile=foneshare tenant_account='fktest7572' tenant_id='816324'
[00:01:09.275] [fxops] DEBUG exec fx-ops idp --profile foneshare tenant get -j --tenant-id 816324 timeout_sec=180
[00:01:09.281] [fxops] DEBUG exec fx-ops idp --profile foneshare query biz-app-log --sql <SQL> -j --timeout 90000
SQL: SELECT _time_second_, trace_id, app, pod, pod_ip, uri, code, time_cost, method, ei, ea FROM tomcat_access_slow_dist WHERE trace_id = 'FSW-fktest7572.1001-01M34SQD9CDNEV2RV9AHKRF87J' AND _time_second_ >= '2026-09-22 22:45:25' AND _time_second_ <= '2026-09-22 23:05:25' ORDER BY time_cost DESC LIMIT 20 timeout_sec=180
[00:01:09.286] [fxops] DEBUG exec fx-ops idp --profile foneshare query biz-app-log --sql <SQL> -j --timeout 90000
SQL: SELECT _time_second_, traceId, app, cost, dbName, substring(query, 1, 2000) AS query, ei, ea, type FROM slow_log_dist WHERE traceId = 'FSW-fktest7572.1001-01M34SQD9CDNEV2RV9AHKRF87J' AND _time_second_ >= '2026-09-22 22:45:25' AND _time_second_ <= '2026-09-22 23:05:25' ORDER BY cost DESC LIMIT 20 timeout_sec=180
[00:01:09.293] [fxops] DEBUG exec fx-ops idp --profile foneshare query biz-app-log --sql <SQL> -j --timeout 90000
SQL: SELECT stamp, tenantId, appName, collection, category, cost, docsExamined, nreturned FROM mongo_slow_dist WHERE tenantId = '816324' AND appName = 'fs-bi-stat' AND stamp >= '2026-09-22 22:45:25' AND stamp <= '2026-09-22 23:05:25' ORDER BY cost DESC LIMIT 20 timeout_sec=180
[00:01:09.776] [fxops:tenant] fx-ops ok rows=0
[00:01:09.777] [fxops:tenant] DEBUG payload_head={'code': 0, 'data': {'tenantId': 816324, 'tenantAccount': 'fktest7572', 'tenantName': '内测企业fktest7572', 'env': 'test', 'vpcName': None, 'createTime': '2025-04-18T04:17:42.233Z', 'status': 'normal', 'domain': 'https://www.fxiaoke.com', 'customerPro': '小微', 'crmVersion': 'enterprise_edition', 'crmQuotaNum': 0, 'crmOpenNum': 0, 'keyContactName': '周绪倩', 'csmOwner': 'NULL', 'businessArea': 'NULL', 'strategicIndustry': '其他（示例）', 'classification': 'NULL'}}
[00:01:09.787] [lookup_context] duty_user duty_date=2026-09-22 profile=foneshare
[00:01:09.788] [fxops] DEBUG exec fx-ops idp --profile foneshare query oncall --sql <SQL> -j --timeout 90000
SQL: SELECT duty_date, duty_id, employee_id, nick_name, post FROM duty_user WHERE deleted = 0 AND duty_date = '2026-09-22' ORDER BY duty_id, id LIMIT 100 timeout_sec=60
[00:01:09.965] [fxops:mongo_slow] fx-ops ok rows=0
[00:01:09.966] [fxops:mongo_slow] DEBUG payload_head={'code': 0, 'data': {'columns': ['stamp', 'tenantId', 'appName', 'collection', 'category', 'cost', 'docsExamined', 'nreturned'], 'items': [], 'returnedCount': 0}}
[00:01:10.065] [fxops:slow_log] fx-ops ok rows=1
[00:01:10.066] [fxops:slow_log] DEBUG payload_head={'code': 0, 'data': {'columns': ['_time_second_', 'traceId', 'app', 'cost', 'dbName', 'query', 'ei', 'ea', 'type'], 'items': [['2026-09-22 22:54:40', 'FSW-fktest7572.1001-01M34SQD9CDNEV2RV9AHKRF87J', 'fs-bi-stat-gray', 211, 'fsbidb017054072003', "select * from udf_obj where obj_name=?  and obj_name !='' and ei=? and is_delete=0", '816324', 'fktest7572', 'postgresql']], 'returnedCount': 1}, 'meta': {'hints': ['fx-ops idp show tables <datasource>']}}
[00:01:10.066] [fxops:slow_log] DEBUG first_row={'_time_second_': '2026-09-22 22:54:40', 'traceId': 'FSW-fktest7572.1001-01M34SQD9CDNEV2RV9AHKRF87J', 'app': 'fs-bi-stat-gray', 'cost': 211, 'dbName': 'fsbidb017054072003', 'query': "select * from udf_obj where obj_name=?  and obj_name !='' and ei=? and is_delete=0", 'ei': '816324', 'ea': 'fktest7572', 'type': 'postgresql'}
[00:01:10.147] [fxops:duty] fx-ops ok rows=2
[00:01:10.147] [fxops:duty] DEBUG payload_head={'code': 0, 'data': {'columns': ['duty_date', 'duty_id', 'employee_id', 'nick_name', 'post'], 'items': [['2026-09-21T16:00:00.000Z', 1, 5148, '黎贵昂', '高级运维工程师'], ['2026-09-21T16:00:00.000Z', 2, 7961, '包欣雪', '高级运维工程师']], 'returnedCount': 2}, 'meta': {'hints': ['fx-ops idp show tables <datasource>']}}
[00:01:10.148] [fxops:duty] DEBUG first_row={'duty_date': '2026-09-21T16:00:00.000Z', 'duty_id': 1, 'employee_id': 5148, 'nick_name': '黎贵昂', 'post': '高级运维工程师'}
[00:01:10.476] [fxops:tomcat_slow] fx-ops ok rows=0
[00:01:10.477] [fxops:tomcat_slow] DEBUG payload_head={'code': 0, 'data': {'columns': ['_time_second_', 'trace_id', 'app', 'pod', 'pod_ip', 'uri', 'code', 'time_cost', 'method', 'ei', 'ea', 'time_for_ckibana', 'traceId'], 'items': [], 'returnedCount': 0}}
[00:01:10.485] [playbook_collect] evidence_index_updated phase=Phase0-1 index=index.md
[00:01:10.489] [fxops] DEBUG exec fx-ops idp --profile foneshare query biz-app-log --sql <SQL> -j --timeout 90000
SQL: SELECT stamp AS stamp, _time_second_, traceId AS traceId, reqId, status, error, uri, bizName, ea AS ea, ei AS ei, companyName, uid, request_time, server_ip FROM log_cep_dist WHERE traceId = 'FSW-fktest7572.1001-01M34SQD9CDNEV2RV9AHKRF87J' AND stamp >= '2026-09-22 22:45:25' AND stamp <= '2026-09-22 23:05:25' ORDER BY stamp DESC LIMIT 20 timeout_sec=180
[00:01:10.863] [fxops:trace] fx-ops ok rows=16
[00:01:10.864] [fxops:trace] DEBUG payload_head={'code': 0, 'data': {'columns': ['stamp', '_time_second_', 'traceId', 'reqId', 'status', 'error', 'uri', 'bizName', 'ea', 'ei', 'companyName', 'uid', 'request_time', 'server_ip'], 'items': [['2026-09-22 22:55:25.731', '2026-09-22 22:55:25', 'FSW-fktest7572.1001-01M34SQD9CDNEV2RV9AHKRF87J', ['2e4105527cbfbf51', '1-2e4105'], 200, '', '/FHH/EM1HBISTAT/fs-bi-stat/describes/detail', 'BISTAT', 'fktest7572', '816324', '内测企业fktest7572', 'fktest7572.1001', 3537, 'fs-bi-stat.foneshare-gray.lb-aurgynnp.tke70-k8s1.foneshare.cn:13484'], ['2026-09-22 22:55:25.545', '2026-09-22 22:55:25', 'FSW-fktest7572.100
[00:01:10.864] [fxops:trace] DEBUG first_row={'stamp': '2026-09-22 22:55:25.731', '_time_second_': '2026-09-22 22:55:25', 'traceId': 'FSW-fktest7572.1001-01M34SQD9CDNEV2RV9AHKRF87J', 'reqId': ['2e4105527cbfbf51', '1-2e4105'], 'status': 200, 'error': '', 'uri': '/FHH/EM1HBISTAT/fs-bi-stat/describes/detail', 'bizName': 'BISTAT', 'ea': 'fktest7572', 'ei': '816324', 'companyName': '内测企业fktest7572', 'uid': 'fktest7572.1001', 'request_time': 3537, 'server_ip': 'fs-bi-stat.foneshare-gray.lb-aurgynnp.tke70-k8s1.foneshare.cn:13484'}
[00:01:10.864] [cep_sql] trace=FSW-fktest7572.1001-01M34SQD9CDNEV2RV9AHKRF87J window=2026-09-22 22:45:25..2026-09-22 23:05:25 rows=16 ok=true
[00:01:10.865] [fxops] DEBUG exec fx-ops idp --profile foneshare query biz-app-log --sql <SQL> -j --timeout 90000
SQL: SELECT uri, count() AS total_cnt, uniq(ei) AS tenant_cnt, uniq(ea) AS ea_cnt, countIf(status >= '500') AS err_cnt, min(stamp) AS first_stamp, max(stamp) AS last_stamp FROM log_cep_dist WHERE uri = '/FHH/EM1HBISTAT/fs-bi-stat/describes/detail' AND stamp >= '2026-09-22 22:25:25' AND stamp <= '2026-09-22 23:25:25' GROUP BY uri timeout_sec=180
[00:01:11.512] [fxops:uri_impact] fx-ops ok rows=1
[00:01:11.512] [fxops:uri_impact] DEBUG payload_head={'code': 0, 'data': {'columns': ['uri', 'total_cnt', 'tenant_cnt', 'ea_cnt', 'err_cnt', 'first_stamp', 'last_stamp'], 'items': [['/FHH/EM1HBISTAT/fs-bi-stat/describes/detail', '1', '1', '1', '0', '2026-09-22 22:55:25.731', '2026-09-22 22:55:25.731']], 'returnedCount': 1, 'meta': {'resultLimitMode': 'complete_grouped'}}, 'meta': {'hints': ['fx-ops idp show tables <datasource>']}}
[00:01:11.513] [fxops:uri_impact] DEBUG first_row={'uri': '/FHH/EM1HBISTAT/fs-bi-stat/describes/detail', 'total_cnt': '1', 'tenant_cnt': '1', 'ea_cnt': '1', 'err_cnt': '0', 'first_stamp': '2026-09-22 22:55:25.731', 'last_stamp': '2026-09-22 22:55:25.731'}
[00:01:11.513] [cep_sql] uri_impact uri=/FHH/EM1HBISTAT/fs-bi-stat/describes/detail window=2026-09-22 22:25:25..2026-09-22 23:25:25 rows=1
[00:01:11.858] [playbook_collect] evidence_index_updated phase=Phase0-2 index=index.md
[00:01:11.860] [fxops] DEBUG exec fx-ops idp --profile foneshare query biz-app-log --sql <SQL> -j --timeout 90000
SQL: SELECT _time_second_, app, pod, logger, level, msg FROM app_log_dist WHERE _time_second_ >= '2026-09-22 22:45:25' AND _time_second_ <= '2026-09-22 23:05:25' AND app IN ('fs-bi-stat') AND positionCaseInsensitive(msg, 'StopWatch') > 0 AND traceId = 'FSW-fktest7572.1001-01M34SQD9CDNEV2RV9AHKRF87J' ORDER BY _time_second_ DESC LIMIT 50 timeout_sec=180
[00:01:12.315] [fxops:phase23_app_log_stopwatch] fx-ops ok rows=0
[00:01:12.316] [fxops:phase23_app_log_stopwatch] DEBUG payload_head={'code': 0, 'data': {'columns': ['_time_second_', 'app', 'pod', 'logger', 'level', 'msg'], 'items': [], 'returnedCount': 0}}
[00:01:12.316] [fxops] DEBUG exec fx-ops idp --profile foneshare query biz-app-log --sql <SQL> -j --timeout 90000
SQL: SELECT _time_second_, app, pod, logger, level, msg FROM app_log_dist WHERE _time_second_ >= '2026-09-22 22:45:25' AND _time_second_ <= '2026-09-22 23:05:25' AND app IN ('fs-bi-stat') AND (positionCaseInsensitive(msg, 'PerformanceController') > 0 OR positionCaseInsensitive(msg, 'timeout') > 0 OR positionCaseInsensitive(msg, 'Exception') > 0 OR positionCaseInsensitive(msg, 'Entrance') > 0 OR posi... timeout_sec=180
[00:01:12.981] [fxops:phase23_app_log_stopwatch] fx-ops ok rows=0
[00:01:12.981] [fxops:phase23_app_log_stopwatch] DEBUG payload_head={'code': 0, 'data': {'columns': ['_time_second_', 'app', 'pod', 'logger', 'level', 'msg'], 'items': [], 'returnedCount': 0}}
[00:01:12.982] [fxops] DEBUG exec fx-ops idp --profile foneshare query biz-app-log --sql <SQL> -j --timeout 90000
SQL: SELECT _time_second_, app, pod, logger, level, msg FROM app_log_dist WHERE _time_second_ >= '2026-09-22 22:45:25' AND _time_second_ <= '2026-09-22 23:05:25' AND (positionCaseInsensitive(msg, 'PerformanceController') > 0 OR positionCaseInsensitive(msg, 'timeout') > 0 OR positionCaseInsensitive(msg, 'Exception') > 0 OR positionCaseInsensitive(msg, 'Entrance') > 0 OR positionCaseInsensitive(msg, '... timeout_sec=180
[00:01:13.790] [fxops:phase23_app_log_stopwatch] fx-ops ok rows=0
[00:01:13.790] [fxops:phase23_app_log_stopwatch] DEBUG payload_head={'code': 0, 'data': {'columns': ['_time_second_', 'app', 'pod', 'logger', 'level', 'msg'], 'items': [], 'returnedCount': 0}}
[00:01:13.795] [fxops] DEBUG exec fx-ops idp --profile foneshare show columns biz-app-log service_dist -j timeout_sec=180
[00:01:14.081] [fxops:phase23_service_dist_pivot] fx-ops ok rows=0
[00:01:14.081] [fxops:phase23_service_dist_pivot] DEBUG payload_head={'code': 0, 'data': {'dialect': 'clickhouse', 'tenantId': '', 'dbName': 'logger', 'schema': None, 'source': 'config+introspection', 'table': {'name': 'service_dist', 'description': '服务调用统计汇总表，按应用、模块、方法等维度聚合调用次数、失败数、耗时分布，与 rpc_dist 类似但增加了 method 字段；无 interface 字段（用 module/method）；时间范围过滤请用 _time_second_', 'columns': [{'name': 'profile', 'type': 'Nullable(String)', 'description': '环境标识'}, {'name': 'module', 'type': 'Nullable(String)', 'description': '服务模块/接口名（按模块维度聚合；本表无 interface 字段，请用 module；方法维度用 method）'}, {'name': 'caller', 'type': 'Nullable(String)', 'description': '调用方IP'}, {'name': 'hostn
[00:01:14.082] [fxops] DEBUG exec fx-ops idp --profile foneshare query biz-app-log --sql <SQL> -j --timeout 90000
SQL: SELECT _time_second_, method, app FROM service_dist WHERE _time_second_ >= '2026-09-22 22:53:25' AND _time_second_ <= '2026-09-22 22:57:25' AND method = 'detail' AND app = 'fs-bi-stat' ORDER BY _time_second_ DESC LIMIT 50 timeout_sec=180
[00:01:14.835] [fxops:phase23_service_dist_pivot] fx-ops ok rows=0
[00:01:14.836] [fxops:phase23_service_dist_pivot] DEBUG payload_head={'code': 0, 'data': {'columns': ['_time_second_', 'method', 'app'], 'items': [], 'returnedCount': 0}}
[00:01:14.844] [playbook_collect] evidence_index_updated phase=Phase0-3 index=index.md
[00:01:14.855] [playbook_collect] run_summary ok=True anchor_status=resolved tasks_ok=12 tasks_total=12 manifest=CTX-collect-manifest.json
[00:01:14.974] [playbook_collect] evidence_index_updated phase=Phase0-3 index=index.md
